Archive member included because of file (symbol)

c:/users/abdallah issa/desktop/avr imt/imt avr/02-tools/03-imt sdk/03- imt sdk/imt_sdk_win_64/winavr/bin/../lib/gcc/avr/4.3.3/avr5\libgcc.a(_udivmodhi4.o)
                              ./App/APP_program.o (__udivmodhi4)
c:/users/abdallah issa/desktop/avr imt/imt avr/02-tools/03-imt sdk/03- imt sdk/imt_sdk_win_64/winavr/bin/../lib/gcc/avr/4.3.3/avr5\libgcc.a(_divmodhi4.o)
                              ./HAL/LCD/LCD_program.o (__divmodhi4)
c:/users/abdallah issa/desktop/avr imt/imt avr/02-tools/03-imt sdk/03- imt sdk/imt_sdk_win_64/winavr/bin/../lib/gcc/avr/4.3.3/avr5\libgcc.a(_exit.o)
                              c:/users/abdallah issa/desktop/avr imt/imt avr/02-tools/03-imt sdk/03- imt sdk/imt_sdk_win_64/winavr/bin/../lib/gcc/avr/4.3.3/../../../../avr/lib/avr5/crtm32.o (exit)
c:/users/abdallah issa/desktop/avr imt/imt avr/02-tools/03-imt sdk/03- imt sdk/imt_sdk_win_64/winavr/bin/../lib/gcc/avr/4.3.3/avr5\libgcc.a(_copy_data.o)
                              ./HAL/KEYPAD/KEYPAD_program.o (__do_copy_data)
c:/users/abdallah issa/desktop/avr imt/imt avr/02-tools/03-imt sdk/03- imt sdk/imt_sdk_win_64/winavr/bin/../lib/gcc/avr/4.3.3/avr5\libgcc.a(_clear_bss.o)
                              ./MCAL/TIMER/TIMERS_program.o (__do_clear_bss)
c:/users/abdallah issa/desktop/avr imt/imt avr/02-tools/03-imt sdk/03- imt sdk/imt_sdk_win_64/winavr/bin/../lib/gcc/avr/4.3.3/avr5\libgcc.a(_fixunssfsi.o)
                              ./HAL/LCD/LCD_program.o (__fixunssfsi)
c:/users/abdallah issa/desktop/avr imt/imt avr/02-tools/03-imt sdk/03- imt sdk/imt_sdk_win_64/winavr/bin/../lib/gcc/avr/4.3.3/avr5\libgcc.a(_addsub_sf.o)
                              ./HAL/LCD/LCD_program.o (__subsf3)
c:/users/abdallah issa/desktop/avr imt/imt avr/02-tools/03-imt sdk/03- imt sdk/imt_sdk_win_64/winavr/bin/../lib/gcc/avr/4.3.3/avr5\libgcc.a(_mul_sf.o)
                              ./HAL/LCD/LCD_program.o (__mulsf3)
c:/users/abdallah issa/desktop/avr imt/imt avr/02-tools/03-imt sdk/03- imt sdk/imt_sdk_win_64/winavr/bin/../lib/gcc/avr/4.3.3/avr5\libgcc.a(_ge_sf.o)
                              c:/users/abdallah issa/desktop/avr imt/imt avr/02-tools/03-imt sdk/03- imt sdk/imt_sdk_win_64/winavr/bin/../lib/gcc/avr/4.3.3/avr5\libgcc.a(_fixunssfsi.o) (__gesf2)
c:/users/abdallah issa/desktop/avr imt/imt avr/02-tools/03-imt sdk/03- imt sdk/imt_sdk_win_64/winavr/bin/../lib/gcc/avr/4.3.3/avr5\libgcc.a(_si_to_sf.o)
                              ./HAL/LCD/LCD_program.o (__floatsisf)
c:/users/abdallah issa/desktop/avr imt/imt avr/02-tools/03-imt sdk/03- imt sdk/imt_sdk_win_64/winavr/bin/../lib/gcc/avr/4.3.3/avr5\libgcc.a(_sf_to_si.o)
                              c:/users/abdallah issa/desktop/avr imt/imt avr/02-tools/03-imt sdk/03- imt sdk/imt_sdk_win_64/winavr/bin/../lib/gcc/avr/4.3.3/avr5\libgcc.a(_fixunssfsi.o) (__fixsfsi)
c:/users/abdallah issa/desktop/avr imt/imt avr/02-tools/03-imt sdk/03- imt sdk/imt_sdk_win_64/winavr/bin/../lib/gcc/avr/4.3.3/avr5\libgcc.a(_thenan_sf.o)
                              c:/users/abdallah issa/desktop/avr imt/imt avr/02-tools/03-imt sdk/03- imt sdk/imt_sdk_win_64/winavr/bin/../lib/gcc/avr/4.3.3/avr5\libgcc.a(_addsub_sf.o) (__thenan_sf)
c:/users/abdallah issa/desktop/avr imt/imt avr/02-tools/03-imt sdk/03- imt sdk/imt_sdk_win_64/winavr/bin/../lib/gcc/avr/4.3.3/avr5\libgcc.a(_usi_to_sf.o)
                              ./HAL/LCD/LCD_program.o (__floatunsisf)
c:/users/abdallah issa/desktop/avr imt/imt avr/02-tools/03-imt sdk/03- imt sdk/imt_sdk_win_64/winavr/bin/../lib/gcc/avr/4.3.3/avr5\libgcc.a(_prologue.o)
                              c:/users/abdallah issa/desktop/avr imt/imt avr/02-tools/03-imt sdk/03- imt sdk/imt_sdk_win_64/winavr/bin/../lib/gcc/avr/4.3.3/avr5\libgcc.a(_addsub_sf.o) (__prologue_saves__)
c:/users/abdallah issa/desktop/avr imt/imt avr/02-tools/03-imt sdk/03- imt sdk/imt_sdk_win_64/winavr/bin/../lib/gcc/avr/4.3.3/avr5\libgcc.a(_epilogue.o)
                              c:/users/abdallah issa/desktop/avr imt/imt avr/02-tools/03-imt sdk/03- imt sdk/imt_sdk_win_64/winavr/bin/../lib/gcc/avr/4.3.3/avr5\libgcc.a(_addsub_sf.o) (__epilogue_restores__)
c:/users/abdallah issa/desktop/avr imt/imt avr/02-tools/03-imt sdk/03- imt sdk/imt_sdk_win_64/winavr/bin/../lib/gcc/avr/4.3.3/avr5\libgcc.a(_clzsi2.o)
                              c:/users/abdallah issa/desktop/avr imt/imt avr/02-tools/03-imt sdk/03- imt sdk/imt_sdk_win_64/winavr/bin/../lib/gcc/avr/4.3.3/avr5\libgcc.a(_si_to_sf.o) (__clzsi2)
c:/users/abdallah issa/desktop/avr imt/imt avr/02-tools/03-imt sdk/03- imt sdk/imt_sdk_win_64/winavr/bin/../lib/gcc/avr/4.3.3/avr5\libgcc.a(_pack_sf.o)
                              c:/users/abdallah issa/desktop/avr imt/imt avr/02-tools/03-imt sdk/03- imt sdk/imt_sdk_win_64/winavr/bin/../lib/gcc/avr/4.3.3/avr5\libgcc.a(_addsub_sf.o) (__pack_f)
c:/users/abdallah issa/desktop/avr imt/imt avr/02-tools/03-imt sdk/03- imt sdk/imt_sdk_win_64/winavr/bin/../lib/gcc/avr/4.3.3/avr5\libgcc.a(_unpack_sf.o)
                              c:/users/abdallah issa/desktop/avr imt/imt avr/02-tools/03-imt sdk/03- imt sdk/imt_sdk_win_64/winavr/bin/../lib/gcc/avr/4.3.3/avr5\libgcc.a(_addsub_sf.o) (__unpack_f)
c:/users/abdallah issa/desktop/avr imt/imt avr/02-tools/03-imt sdk/03- imt sdk/imt_sdk_win_64/winavr/bin/../lib/gcc/avr/4.3.3/avr5\libgcc.a(_fpcmp_parts_sf.o)
                              c:/users/abdallah issa/desktop/avr imt/imt avr/02-tools/03-imt sdk/03- imt sdk/imt_sdk_win_64/winavr/bin/../lib/gcc/avr/4.3.3/avr5\libgcc.a(_ge_sf.o) (__fpcmp_parts_f)
c:/users/abdallah issa/desktop/avr imt/imt avr/02-tools/03-imt sdk/03- imt sdk/imt_sdk_win_64/winavr/bin/../lib/gcc/avr/4.3.3/avr5\libgcc.a(_clz.o)
                              c:/users/abdallah issa/desktop/avr imt/imt avr/02-tools/03-imt sdk/03- imt sdk/imt_sdk_win_64/winavr/bin/../lib/gcc/avr/4.3.3/avr5\libgcc.a(_clzsi2.o) (__clz_tab)

Memory Configuration

Name             Origin             Length             Attributes
text             0x00000000         0x00020000         xr
data             0x00800060         0x0000ffa0         rw !x
eeprom           0x00810000         0x00010000         rw !x
fuse             0x00820000         0x00000400         rw !x
lock             0x00830000         0x00000400         rw !x
signature        0x00840000         0x00000400         rw !x
*default*        0x00000000         0xffffffff

Linker script and memory map

LOAD c:/users/abdallah issa/desktop/avr imt/imt avr/02-tools/03-imt sdk/03- imt sdk/imt_sdk_win_64/winavr/bin/../lib/gcc/avr/4.3.3/../../../../avr/lib/avr5/crtm32.o
LOAD ./MCAL/TIMER/TIMERS_program.o
LOAD ./MCAL/GPIO/GPIO_program.o
LOAD ./MCAL/GIE/GIE_program.o
LOAD ./MCAL/EXTI/EXTI_program.o
LOAD ./HAL/LCD/LCD_program.o
LOAD ./HAL/KEYPAD/KEYPAD_program.o
LOAD ./HAL/ADC/ADC_program.o
LOAD ./App/APP_program.o
LOAD ./main.o
LOAD c:/users/abdallah issa/desktop/avr imt/imt avr/02-tools/03-imt sdk/03- imt sdk/imt_sdk_win_64/winavr/bin/../lib/gcc/avr/4.3.3/avr5\libgcc.a
LOAD c:/users/abdallah issa/desktop/avr imt/imt avr/02-tools/03-imt sdk/03- imt sdk/imt_sdk_win_64/winavr/bin/../lib/gcc/avr/4.3.3/../../../../avr/lib/avr5\libc.a
LOAD c:/users/abdallah issa/desktop/avr imt/imt avr/02-tools/03-imt sdk/03- imt sdk/imt_sdk_win_64/winavr/bin/../lib/gcc/avr/4.3.3/avr5\libgcc.a

.hash
 *(.hash)

.dynsym
 *(.dynsym)

.dynstr
 *(.dynstr)

.gnu.version
 *(.gnu.version)

.gnu.version_d
 *(.gnu.version_d)

.gnu.version_r
 *(.gnu.version_r)

.rel.init
 *(.rel.init)

.rela.init
 *(.rela.init)

.rel.text
 *(.rel.text)
 *(.rel.text.*)
 *(.rel.gnu.linkonce.t*)

.rela.text
 *(.rela.text)
 *(.rela.text.*)
 *(.rela.gnu.linkonce.t*)

.rel.fini
 *(.rel.fini)

.rela.fini
 *(.rela.fini)

.rel.rodata
 *(.rel.rodata)
 *(.rel.rodata.*)
 *(.rel.gnu.linkonce.r*)

.rela.rodata
 *(.rela.rodata)
 *(.rela.rodata.*)
 *(.rela.gnu.linkonce.r*)

.rel.data
 *(.rel.data)
 *(.rel.data.*)
 *(.rel.gnu.linkonce.d*)

.rela.data
 *(.rela.data)
 *(.rela.data.*)
 *(.rela.gnu.linkonce.d*)

.rel.ctors
 *(.rel.ctors)

.rela.ctors
 *(.rela.ctors)

.rel.dtors
 *(.rel.dtors)

.rela.dtors
 *(.rela.dtors)

.rel.got
 *(.rel.got)

.rela.got
 *(.rela.got)

.rel.bss
 *(.rel.bss)

.rela.bss
 *(.rela.bss)

.rel.plt
 *(.rel.plt)

.rela.plt
 *(.rela.plt)

.text           0x00000000     0x1bf0
 *(.vectors)
 .vectors       0x00000000       0x54 c:/users/abdallah issa/desktop/avr imt/imt avr/02-tools/03-imt sdk/03- imt sdk/imt_sdk_win_64/winavr/bin/../lib/gcc/avr/4.3.3/../../../../avr/lib/avr5/crtm32.o
                0x00000000                __vectors
                0x00000000                __vector_default
 *(.vectors)
 *(.progmem.gcc*)
 *(.progmem*)
                0x00000054                . = ALIGN (0x2)
                0x00000054                __trampolines_start = .
 *(.trampolines)
 .trampolines   0x00000054        0x0 linker stubs
 *(.trampolines*)
                0x00000054                __trampolines_end = .
 *(.jumptables)
 *(.jumptables*)
 *(.lowtext)
 *(.lowtext*)
                0x00000054                __ctors_start = .
 *(.ctors)
                0x00000054                __ctors_end = .
                0x00000054                __dtors_start = .
 *(.dtors)
                0x00000054                __dtors_end = .
 SORT(*)(.ctors)
 SORT(*)(.dtors)
 *(.init0)
 .init0         0x00000054        0x0 c:/users/abdallah issa/desktop/avr imt/imt avr/02-tools/03-imt sdk/03- imt sdk/imt_sdk_win_64/winavr/bin/../lib/gcc/avr/4.3.3/../../../../avr/lib/avr5/crtm32.o
                0x00000054                __init
 *(.init0)
 *(.init1)
 *(.init1)
 *(.init2)
 .init2         0x00000054        0xc c:/users/abdallah issa/desktop/avr imt/imt avr/02-tools/03-imt sdk/03- imt sdk/imt_sdk_win_64/winavr/bin/../lib/gcc/avr/4.3.3/../../../../avr/lib/avr5/crtm32.o
 *(.init2)
 *(.init3)
 *(.init3)
 *(.init4)
 .init4         0x00000060       0x16 c:/users/abdallah issa/desktop/avr imt/imt avr/02-tools/03-imt sdk/03- imt sdk/imt_sdk_win_64/winavr/bin/../lib/gcc/avr/4.3.3/avr5\libgcc.a(_copy_data.o)
                0x00000060                __do_copy_data
 .init4         0x00000076       0x10 c:/users/abdallah issa/desktop/avr imt/imt avr/02-tools/03-imt sdk/03- imt sdk/imt_sdk_win_64/winavr/bin/../lib/gcc/avr/4.3.3/avr5\libgcc.a(_clear_bss.o)
                0x00000076                __do_clear_bss
 *(.init4)
 *(.init5)
 *(.init5)
 *(.init6)
 *(.init6)
 *(.init7)
 *(.init7)
 *(.init8)
 *(.init8)
 *(.init9)
 .init9         0x00000086        0x8 c:/users/abdallah issa/desktop/avr imt/imt avr/02-tools/03-imt sdk/03- imt sdk/imt_sdk_win_64/winavr/bin/../lib/gcc/avr/4.3.3/../../../../avr/lib/avr5/crtm32.o
 *(.init9)
 *(.text)
 .text          0x0000008e        0x4 c:/users/abdallah issa/desktop/avr imt/imt avr/02-tools/03-imt sdk/03- imt sdk/imt_sdk_win_64/winavr/bin/../lib/gcc/avr/4.3.3/../../../../avr/lib/avr5/crtm32.o
                0x0000008e                __vector_12
                0x0000008e                __bad_interrupt
                0x0000008e                __vector_6
                0x0000008e                __vector_13
                0x0000008e                __vector_17
                0x0000008e                __vector_19
                0x0000008e                __vector_5
                0x0000008e                __vector_4
                0x0000008e                __vector_15
                0x0000008e                __vector_14
                0x0000008e                __vector_18
                0x0000008e                __vector_20
 .text          0x00000092        0x0 ./MCAL/TIMER/TIMERS_program.o
 .text          0x00000092        0x0 ./MCAL/GPIO/GPIO_program.o
 .text          0x00000092        0x0 ./MCAL/GIE/GIE_program.o
 .text          0x00000092        0x0 ./MCAL/EXTI/EXTI_program.o
 .text          0x00000092        0x0 ./HAL/LCD/LCD_program.o
 .text          0x00000092        0x0 ./HAL/KEYPAD/KEYPAD_program.o
 .text          0x00000092        0x0 ./HAL/ADC/ADC_program.o
 .text          0x00000092        0x0 ./App/APP_program.o
 .text          0x00000092        0x0 ./main.o
 .text          0x00000092        0x0 c:/users/abdallah issa/desktop/avr imt/imt avr/02-tools/03-imt sdk/03- imt sdk/imt_sdk_win_64/winavr/bin/../lib/gcc/avr/4.3.3/avr5\libgcc.a(_udivmodhi4.o)
 .text          0x00000092        0x0 c:/users/abdallah issa/desktop/avr imt/imt avr/02-tools/03-imt sdk/03- imt sdk/imt_sdk_win_64/winavr/bin/../lib/gcc/avr/4.3.3/avr5\libgcc.a(_divmodhi4.o)
 .text          0x00000092        0x0 c:/users/abdallah issa/desktop/avr imt/imt avr/02-tools/03-imt sdk/03- imt sdk/imt_sdk_win_64/winavr/bin/../lib/gcc/avr/4.3.3/avr5\libgcc.a(_exit.o)
 .text          0x00000092        0x0 c:/users/abdallah issa/desktop/avr imt/imt avr/02-tools/03-imt sdk/03- imt sdk/imt_sdk_win_64/winavr/bin/../lib/gcc/avr/4.3.3/avr5\libgcc.a(_copy_data.o)
 .text          0x00000092        0x0 c:/users/abdallah issa/desktop/avr imt/imt avr/02-tools/03-imt sdk/03- imt sdk/imt_sdk_win_64/winavr/bin/../lib/gcc/avr/4.3.3/avr5\libgcc.a(_clear_bss.o)
 .text          0x00000092       0x58 c:/users/abdallah issa/desktop/avr imt/imt avr/02-tools/03-imt sdk/03- imt sdk/imt_sdk_win_64/winavr/bin/../lib/gcc/avr/4.3.3/avr5\libgcc.a(_fixunssfsi.o)
                0x00000092                __fixunssfsi
 .text          0x000000ea      0x354 c:/users/abdallah issa/desktop/avr imt/imt avr/02-tools/03-imt sdk/03- imt sdk/imt_sdk_win_64/winavr/bin/../lib/gcc/avr/4.3.3/avr5\libgcc.a(_addsub_sf.o)
                0x00000382                __subsf3
                0x000003e4                __addsf3
 .text          0x0000043e      0x1f4 c:/users/abdallah issa/desktop/avr imt/imt avr/02-tools/03-imt sdk/03- imt sdk/imt_sdk_win_64/winavr/bin/../lib/gcc/avr/4.3.3/avr5\libgcc.a(_mul_sf.o)
                0x0000043e                __mulsf3
 .text          0x00000632       0x60 c:/users/abdallah issa/desktop/avr imt/imt avr/02-tools/03-imt sdk/03- imt sdk/imt_sdk_win_64/winavr/bin/../lib/gcc/avr/4.3.3/avr5\libgcc.a(_ge_sf.o)
                0x00000632                __gesf2
 .text          0x00000692       0xbc c:/users/abdallah issa/desktop/avr imt/imt avr/02-tools/03-imt sdk/03- imt sdk/imt_sdk_win_64/winavr/bin/../lib/gcc/avr/4.3.3/avr5\libgcc.a(_si_to_sf.o)
                0x00000692                __floatsisf
 .text          0x0000074e       0xa8 c:/users/abdallah issa/desktop/avr imt/imt avr/02-tools/03-imt sdk/03- imt sdk/imt_sdk_win_64/winavr/bin/../lib/gcc/avr/4.3.3/avr5\libgcc.a(_sf_to_si.o)
                0x0000074e                __fixsfsi
 .text          0x000007f6        0x0 c:/users/abdallah issa/desktop/avr imt/imt avr/02-tools/03-imt sdk/03- imt sdk/imt_sdk_win_64/winavr/bin/../lib/gcc/avr/4.3.3/avr5\libgcc.a(_thenan_sf.o)
 .text          0x000007f6       0xf2 c:/users/abdallah issa/desktop/avr imt/imt avr/02-tools/03-imt sdk/03- imt sdk/imt_sdk_win_64/winavr/bin/../lib/gcc/avr/4.3.3/avr5\libgcc.a(_usi_to_sf.o)
                0x000007f6                __floatunsisf
 .text          0x000008e8        0x0 c:/users/abdallah issa/desktop/avr imt/imt avr/02-tools/03-imt sdk/03- imt sdk/imt_sdk_win_64/winavr/bin/../lib/gcc/avr/4.3.3/avr5\libgcc.a(_prologue.o)
 .text          0x000008e8        0x0 c:/users/abdallah issa/desktop/avr imt/imt avr/02-tools/03-imt sdk/03- imt sdk/imt_sdk_win_64/winavr/bin/../lib/gcc/avr/4.3.3/avr5\libgcc.a(_epilogue.o)
 .text          0x000008e8       0x9e c:/users/abdallah issa/desktop/avr imt/imt avr/02-tools/03-imt sdk/03- imt sdk/imt_sdk_win_64/winavr/bin/../lib/gcc/avr/4.3.3/avr5\libgcc.a(_clzsi2.o)
                0x000008e8                __clzsi2
 .text          0x00000986      0x1aa c:/users/abdallah issa/desktop/avr imt/imt avr/02-tools/03-imt sdk/03- imt sdk/imt_sdk_win_64/winavr/bin/../lib/gcc/avr/4.3.3/avr5\libgcc.a(_pack_sf.o)
                0x00000986                __pack_f
 .text          0x00000b30       0xf0 c:/users/abdallah issa/desktop/avr imt/imt avr/02-tools/03-imt sdk/03- imt sdk/imt_sdk_win_64/winavr/bin/../lib/gcc/avr/4.3.3/avr5\libgcc.a(_unpack_sf.o)
                0x00000b30                __unpack_f
 .text          0x00000c20       0xb2 c:/users/abdallah issa/desktop/avr imt/imt avr/02-tools/03-imt sdk/03- imt sdk/imt_sdk_win_64/winavr/bin/../lib/gcc/avr/4.3.3/avr5\libgcc.a(_fpcmp_parts_sf.o)
                0x00000c20                __fpcmp_parts_f
 .text          0x00000cd2        0x0 c:/users/abdallah issa/desktop/avr imt/imt avr/02-tools/03-imt sdk/03- imt sdk/imt_sdk_win_64/winavr/bin/../lib/gcc/avr/4.3.3/avr5\libgcc.a(_clz.o)
                0x00000cd2                . = ALIGN (0x2)
 *(.text.*)
 .text.TIMERS_vInit
                0x00000cd2       0x3c ./MCAL/TIMER/TIMERS_program.o
                0x00000cd2                TIMERS_vInit
 .text.TIMERS_vSetBusyWait_sync
                0x00000d0e        0x2 ./MCAL/TIMER/TIMERS_program.o
                0x00000d0e                TIMERS_vSetBusyWait_sync
 .text.TIMERS_vStartTimer
                0x00000d10       0x12 ./MCAL/TIMER/TIMERS_program.o
                0x00000d10                TIMERS_vStartTimer
 .text.TIMERS_vStopTimer
                0x00000d22       0x10 ./MCAL/TIMER/TIMERS_program.o
                0x00000d22                TIMERS_vStopTimer
 .text.TIMERS_vSetCallback
                0x00000d32        0xe ./MCAL/TIMER/TIMERS_program.o
                0x00000d32                TIMERS_vSetCallback
 .text.TIMERS_vSetPreloadValue
                0x00000d40        0x8 ./MCAL/TIMER/TIMERS_program.o
                0x00000d40                TIMERS_vSetPreloadValue
 .text.TIMERS_vSetCompareMatchValue
                0x00000d48       0x24 ./MCAL/TIMER/TIMERS_program.o
                0x00000d48                TIMERS_vSetCompareMatchValue
 .text.__vector_7
                0x00000d6c       0x52 ./MCAL/TIMER/TIMERS_program.o
                0x00000d6c                __vector_7
 .text.__vector_8
                0x00000dbe       0x52 ./MCAL/TIMER/TIMERS_program.o
                0x00000dbe                __vector_8
 .text.__vector_9
                0x00000e10       0x52 ./MCAL/TIMER/TIMERS_program.o
                0x00000e10                __vector_9
 .text.__vector_10
                0x00000e62       0x52 ./MCAL/TIMER/TIMERS_program.o
                0x00000e62                __vector_10
 .text.__vector_11
                0x00000eb4       0x52 ./MCAL/TIMER/TIMERS_program.o
                0x00000eb4                __vector_11
 .text.GPIO_vSetPortDirection
                0x00000f06       0x28 ./MCAL/GPIO/GPIO_program.o
                0x00000f06                GPIO_vSetPortDirection
 .text.GPIO_vSetPinDirection
                0x00000f2e       0xfc ./MCAL/GPIO/GPIO_program.o
                0x00000f2e                GPIO_vSetPinDirection
 .text.GPIO_vSetPortValue
                0x0000102a       0x28 ./MCAL/GPIO/GPIO_program.o
                0x0000102a                GPIO_vSetPortValue
 .text.GPIO_vSetPinValue
                0x00001052       0xfc ./MCAL/GPIO/GPIO_program.o
                0x00001052                GPIO_vSetPinValue
 .text.GPIO_u8GetPortValue
                0x0000114e       0x2a ./MCAL/GPIO/GPIO_program.o
                0x0000114e                GPIO_u8GetPortValue
 .text.GPIO_u8GetPinValue
                0x00001178       0x3e ./MCAL/GPIO/GPIO_program.o
                0x00001178                GPIO_u8GetPinValue
 .text.GIE_vEnableGIE
                0x000011b6        0x8 ./MCAL/GIE/GIE_program.o
                0x000011b6                GIE_vEnableGIE
 .text.GIE_vDisableGIE
                0x000011be        0x8 ./MCAL/GIE/GIE_program.o
                0x000011be                GIE_vDisableGIE
 .text.EXTI_vDisable
                0x000011c6       0x24 ./MCAL/EXTI/EXTI_program.o
                0x000011c6                EXTI_vDisable
 .text.EXTI_vSetSenseCtrl
                0x000011ea       0x98 ./MCAL/EXTI/EXTI_program.o
                0x000011ea                EXTI_vSetSenseCtrl
 .text.__vector_1
                0x00001282       0x52 ./MCAL/EXTI/EXTI_program.o
                0x00001282                __vector_1
 .text.__vector_2
                0x000012d4       0x52 ./MCAL/EXTI/EXTI_program.o
                0x000012d4                __vector_2
 .text.__vector_3
                0x00001326       0x52 ./MCAL/EXTI/EXTI_program.o
                0x00001326                __vector_3
 .text.EXTI_vSetCallBack
                0x00001378       0x2c ./MCAL/EXTI/EXTI_program.o
                0x00001378                EXTI_vSetCallBack
 .text.EXTI_vEnable
                0x000013a4       0x5e ./MCAL/EXTI/EXTI_program.o
                0x000013a4                EXTI_vEnable
 .text.poW      0x00001402       0x3c ./HAL/LCD/LCD_program.o
                0x00001402                poW
 .text.LCD_vSendCommand
                0x0000143e       0x4c ./HAL/LCD/LCD_program.o
                0x0000143e                LCD_vSendCommand
 .text.LCD_vSetCursorPosition
                0x0000148a       0x1c ./HAL/LCD/LCD_program.o
                0x0000148a                LCD_vSetCursorPosition
 .text.LCD_vClear
                0x000014a6        0x8 ./HAL/LCD/LCD_program.o
                0x000014a6                LCD_vClear
 .text.LCD_vSendChar
                0x000014ae       0x4c ./HAL/LCD/LCD_program.o
                0x000014ae                LCD_vSendChar
 .text.LCD_vSaveCustomChar
                0x000014fa       0x44 ./HAL/LCD/LCD_program.o
                0x000014fa                LCD_vSaveCustomChar
 .text.LCD_vDisplayCustomChar
                0x0000153e        0xa ./HAL/LCD/LCD_program.o
                0x0000153e                LCD_vDisplayCustomChar
 .text.LCD_vWriteNumber
                0x00001548       0x82 ./HAL/LCD/LCD_program.o
                0x00001548                LCD_vWriteNumber
 .text.LCD_vSendNumber
                0x000015ca       0x22 ./HAL/LCD/LCD_program.o
                0x000015ca                LCD_vSendNumber
 .text.LCD_vSendFloat
                0x000015ec       0xb0 ./HAL/LCD/LCD_program.o
                0x000015ec                LCD_vSendFloat
 .text.LCD_vSendString
                0x0000169c       0x1a ./HAL/LCD/LCD_program.o
                0x0000169c                LCD_vSendString
 .text.LCD_vInit
                0x000016b6       0x76 ./HAL/LCD/LCD_program.o
                0x000016b6                LCD_vInit
 .text.KEYPAD_u8GetPressed
                0x0000172c       0xa2 ./HAL/KEYPAD/KEYPAD_program.o
                0x0000172c                KEYPAD_u8GetPressed
 .text.KEYPAD_vInit
                0x000017ce       0x12 ./HAL/KEYPAD/KEYPAD_program.o
                0x000017ce                KEYPAD_vInit
 .text.ADC_vInit
                0x000017e0        0xe ./HAL/ADC/ADC_program.o
                0x000017e0                ADC_vInit
 .text.ADC_u16ReadDigitalValue_Sync
                0x000017ee       0x1e ./HAL/ADC/ADC_program.o
                0x000017ee                ADC_u16ReadDigitalValue_Sync
 .text.ADC_vStartConversion
                0x0000180c       0x12 ./HAL/ADC/ADC_program.o
                0x0000180c                ADC_vStartConversion
 .text.ADC_u16ReadDigitalValue_Async
                0x0000181e        0x8 ./HAL/ADC/ADC_program.o
                0x0000181e                ADC_u16ReadDigitalValue_Async
 .text.ADC_vEnableInterrupt
                0x00001826        0x4 ./HAL/ADC/ADC_program.o
                0x00001826                ADC_vEnableInterrupt
 .text.ADC_vDisableInterrupt
                0x0000182a        0x4 ./HAL/ADC/ADC_program.o
                0x0000182a                ADC_vDisableInterrupt
 .text.ADC_vEnable
                0x0000182e        0x4 ./HAL/ADC/ADC_program.o
                0x0000182e                ADC_vEnable
 .text.ADC_vDisable
                0x00001832        0x4 ./HAL/ADC/ADC_program.o
                0x00001832                ADC_vDisable
 .text.__vector_16
                0x00001836       0x52 ./HAL/ADC/ADC_program.o
                0x00001836                __vector_16
 .text.ADC_vCallBack
                0x00001888        0xa ./HAL/ADC/ADC_program.o
                0x00001888                ADC_vCallBack
 .text.APP_vEnterBlockedState
                0x00001892       0x58 ./App/APP_program.o
                0x00001892                APP_vEnterBlockedState
 .text.APP_vOpenTheDoor
                0x000018ea       0x38 ./App/APP_program.o
                0x000018ea                APP_vOpenTheDoor
 .text.APP_vInittheSystem
                0x00001922       0x20 ./App/APP_program.o
                0x00001922                APP_vInittheSystem
 .text.APP_vWelcomeScreen
                0x00001942       0x94 ./App/APP_program.o
                0x00001942                APP_vWelcomeScreen
 .text.APP_vUserWelcomeScreen
                0x000019d6       0x32 ./App/APP_program.o
                0x000019d6                APP_vUserWelcomeScreen
 .text.APP_vEnterRunningState
                0x00001a08       0x12 ./App/APP_program.o
                0x00001a08                APP_vEnterRunningState
 .text.APP_vEnterLandingState
                0x00001a1a       0xfa ./App/APP_program.o
                0x00001a1a                APP_vEnterLandingState
 .text.APP_vStartTheSystem
                0x00001b14        0xa ./App/APP_program.o
                0x00001b14                APP_vStartTheSystem
 .text.main     0x00001b1e       0x12 ./main.o
                0x00001b1e                main
 .text.libgcc   0x00001b30       0x28 c:/users/abdallah issa/desktop/avr imt/imt avr/02-tools/03-imt sdk/03- imt sdk/imt_sdk_win_64/winavr/bin/../lib/gcc/avr/4.3.3/avr5\libgcc.a(_udivmodhi4.o)
                0x00001b30                __udivmodhi4
 .text.libgcc   0x00001b58       0x26 c:/users/abdallah issa/desktop/avr imt/imt avr/02-tools/03-imt sdk/03- imt sdk/imt_sdk_win_64/winavr/bin/../lib/gcc/avr/4.3.3/avr5\libgcc.a(_divmodhi4.o)
                0x00001b58                __divmodhi4
                0x00001b58                _div
 .text.libgcc   0x00001b7e        0x0 c:/users/abdallah issa/desktop/avr imt/imt avr/02-tools/03-imt sdk/03- imt sdk/imt_sdk_win_64/winavr/bin/../lib/gcc/avr/4.3.3/avr5\libgcc.a(_exit.o)
 .text.libgcc   0x00001b7e        0x0 c:/users/abdallah issa/desktop/avr imt/imt avr/02-tools/03-imt sdk/03- imt sdk/imt_sdk_win_64/winavr/bin/../lib/gcc/avr/4.3.3/avr5\libgcc.a(_copy_data.o)
 .text.libgcc   0x00001b7e        0x0 c:/users/abdallah issa/desktop/avr imt/imt avr/02-tools/03-imt sdk/03- imt sdk/imt_sdk_win_64/winavr/bin/../lib/gcc/avr/4.3.3/avr5\libgcc.a(_clear_bss.o)
 .text.libgcc   0x00001b7e       0x38 c:/users/abdallah issa/desktop/avr imt/imt avr/02-tools/03-imt sdk/03- imt sdk/imt_sdk_win_64/winavr/bin/../lib/gcc/avr/4.3.3/avr5\libgcc.a(_prologue.o)
                0x00001b7e                __prologue_saves__
 .text.libgcc   0x00001bb6       0x36 c:/users/abdallah issa/desktop/avr imt/imt avr/02-tools/03-imt sdk/03- imt sdk/imt_sdk_win_64/winavr/bin/../lib/gcc/avr/4.3.3/avr5\libgcc.a(_epilogue.o)
                0x00001bb6                __epilogue_restores__
                0x00001bec                . = ALIGN (0x2)
 *(.fini9)
 .fini9         0x00001bec        0x0 c:/users/abdallah issa/desktop/avr imt/imt avr/02-tools/03-imt sdk/03- imt sdk/imt_sdk_win_64/winavr/bin/../lib/gcc/avr/4.3.3/avr5\libgcc.a(_exit.o)
                0x00001bec                exit
                0x00001bec                _exit
 *(.fini9)
 *(.fini8)
 *(.fini8)
 *(.fini7)
 *(.fini7)
 *(.fini6)
 *(.fini6)
 *(.fini5)
 *(.fini5)
 *(.fini4)
 *(.fini4)
 *(.fini3)
 *(.fini3)
 *(.fini2)
 *(.fini2)
 *(.fini1)
 *(.fini1)
 *(.fini0)
 .fini0         0x00001bec        0x4 c:/users/abdallah issa/desktop/avr imt/imt avr/02-tools/03-imt sdk/03- imt sdk/imt_sdk_win_64/winavr/bin/../lib/gcc/avr/4.3.3/avr5\libgcc.a(_exit.o)
 *(.fini0)
                0x00001bf0                _etext = .

.data           0x00800060      0x1ae load address 0x00001bf0
                0x00800060                PROVIDE (__data_start, .)
 *(.data)
 .data          0x00800060        0x0 c:/users/abdallah issa/desktop/avr imt/imt avr/02-tools/03-imt sdk/03- imt sdk/imt_sdk_win_64/winavr/bin/../lib/gcc/avr/4.3.3/../../../../avr/lib/avr5/crtm32.o
 .data          0x00800060        0x0 ./MCAL/TIMER/TIMERS_program.o
 .data          0x00800060        0x0 ./MCAL/GPIO/GPIO_program.o
 .data          0x00800060        0x0 ./MCAL/GIE/GIE_program.o
 .data          0x00800060        0x0 ./MCAL/EXTI/EXTI_program.o
 .data          0x00800060        0x0 ./HAL/LCD/LCD_program.o
 .data          0x00800060        0x0 ./HAL/KEYPAD/KEYPAD_program.o
 .data          0x00800060        0x0 ./HAL/ADC/ADC_program.o
 .data          0x00800060       0x8e ./App/APP_program.o
 .data          0x008000ee        0x0 ./main.o
 .data          0x008000ee        0x0 c:/users/abdallah issa/desktop/avr imt/imt avr/02-tools/03-imt sdk/03- imt sdk/imt_sdk_win_64/winavr/bin/../lib/gcc/avr/4.3.3/avr5\libgcc.a(_udivmodhi4.o)
 .data          0x008000ee        0x0 c:/users/abdallah issa/desktop/avr imt/imt avr/02-tools/03-imt sdk/03- imt sdk/imt_sdk_win_64/winavr/bin/../lib/gcc/avr/4.3.3/avr5\libgcc.a(_divmodhi4.o)
 .data          0x008000ee        0x0 c:/users/abdallah issa/desktop/avr imt/imt avr/02-tools/03-imt sdk/03- imt sdk/imt_sdk_win_64/winavr/bin/../lib/gcc/avr/4.3.3/avr5\libgcc.a(_exit.o)
 .data          0x008000ee        0x0 c:/users/abdallah issa/desktop/avr imt/imt avr/02-tools/03-imt sdk/03- imt sdk/imt_sdk_win_64/winavr/bin/../lib/gcc/avr/4.3.3/avr5\libgcc.a(_copy_data.o)
 .data          0x008000ee        0x0 c:/users/abdallah issa/desktop/avr imt/imt avr/02-tools/03-imt sdk/03- imt sdk/imt_sdk_win_64/winavr/bin/../lib/gcc/avr/4.3.3/avr5\libgcc.a(_clear_bss.o)
 .data          0x008000ee        0x0 c:/users/abdallah issa/desktop/avr imt/imt avr/02-tools/03-imt sdk/03- imt sdk/imt_sdk_win_64/winavr/bin/../lib/gcc/avr/4.3.3/avr5\libgcc.a(_fixunssfsi.o)
 .data          0x008000ee        0x0 c:/users/abdallah issa/desktop/avr imt/imt avr/02-tools/03-imt sdk/03- imt sdk/imt_sdk_win_64/winavr/bin/../lib/gcc/avr/4.3.3/avr5\libgcc.a(_addsub_sf.o)
 .data          0x008000ee        0x0 c:/users/abdallah issa/desktop/avr imt/imt avr/02-tools/03-imt sdk/03- imt sdk/imt_sdk_win_64/winavr/bin/../lib/gcc/avr/4.3.3/avr5\libgcc.a(_mul_sf.o)
 .data          0x008000ee        0x0 c:/users/abdallah issa/desktop/avr imt/imt avr/02-tools/03-imt sdk/03- imt sdk/imt_sdk_win_64/winavr/bin/../lib/gcc/avr/4.3.3/avr5\libgcc.a(_ge_sf.o)
 .data          0x008000ee        0x0 c:/users/abdallah issa/desktop/avr imt/imt avr/02-tools/03-imt sdk/03- imt sdk/imt_sdk_win_64/winavr/bin/../lib/gcc/avr/4.3.3/avr5\libgcc.a(_si_to_sf.o)
 .data          0x008000ee        0x0 c:/users/abdallah issa/desktop/avr imt/imt avr/02-tools/03-imt sdk/03- imt sdk/imt_sdk_win_64/winavr/bin/../lib/gcc/avr/4.3.3/avr5\libgcc.a(_sf_to_si.o)
 .data          0x008000ee        0x8 c:/users/abdallah issa/desktop/avr imt/imt avr/02-tools/03-imt sdk/03- imt sdk/imt_sdk_win_64/winavr/bin/../lib/gcc/avr/4.3.3/avr5\libgcc.a(_thenan_sf.o)
                0x008000ee                __thenan_sf
 .data          0x008000f6        0x0 c:/users/abdallah issa/desktop/avr imt/imt avr/02-tools/03-imt sdk/03- imt sdk/imt_sdk_win_64/winavr/bin/../lib/gcc/avr/4.3.3/avr5\libgcc.a(_usi_to_sf.o)
 .data          0x008000f6        0x0 c:/users/abdallah issa/desktop/avr imt/imt avr/02-tools/03-imt sdk/03- imt sdk/imt_sdk_win_64/winavr/bin/../lib/gcc/avr/4.3.3/avr5\libgcc.a(_prologue.o)
 .data          0x008000f6        0x0 c:/users/abdallah issa/desktop/avr imt/imt avr/02-tools/03-imt sdk/03- imt sdk/imt_sdk_win_64/winavr/bin/../lib/gcc/avr/4.3.3/avr5\libgcc.a(_epilogue.o)
 .data          0x008000f6        0x0 c:/users/abdallah issa/desktop/avr imt/imt avr/02-tools/03-imt sdk/03- imt sdk/imt_sdk_win_64/winavr/bin/../lib/gcc/avr/4.3.3/avr5\libgcc.a(_clzsi2.o)
 .data          0x008000f6        0x0 c:/users/abdallah issa/desktop/avr imt/imt avr/02-tools/03-imt sdk/03- imt sdk/imt_sdk_win_64/winavr/bin/../lib/gcc/avr/4.3.3/avr5\libgcc.a(_pack_sf.o)
 .data          0x008000f6        0x0 c:/users/abdallah issa/desktop/avr imt/imt avr/02-tools/03-imt sdk/03- imt sdk/imt_sdk_win_64/winavr/bin/../lib/gcc/avr/4.3.3/avr5\libgcc.a(_unpack_sf.o)
 .data          0x008000f6        0x0 c:/users/abdallah issa/desktop/avr imt/imt avr/02-tools/03-imt sdk/03- imt sdk/imt_sdk_win_64/winavr/bin/../lib/gcc/avr/4.3.3/avr5\libgcc.a(_fpcmp_parts_sf.o)
 .data          0x008000f6      0x100 c:/users/abdallah issa/desktop/avr imt/imt avr/02-tools/03-imt sdk/03- imt sdk/imt_sdk_win_64/winavr/bin/../lib/gcc/avr/4.3.3/avr5\libgcc.a(_clz.o)
                0x008000f6                __clz_tab
 *(.data*)
 .data.KEYPAD_u8Values
                0x008001f6       0x10 ./HAL/KEYPAD/KEYPAD_program.o
                0x008001f6                KEYPAD_u8Values
 .data.heart    0x00800206        0x8 ./App/APP_program.o
                0x00800206                heart
 *(.rodata)
 *(.rodata*)
 *(.gnu.linkonce.d*)
                0x0080020e                . = ALIGN (0x2)
                0x0080020e                _edata = .
                0x0080020e                PROVIDE (__data_end, .)

.bss            0x0080020e       0x12
                0x0080020e                PROVIDE (__bss_start, .)
 *(.bss)
 .bss           0x0080020e        0x0 c:/users/abdallah issa/desktop/avr imt/imt avr/02-tools/03-imt sdk/03- imt sdk/imt_sdk_win_64/winavr/bin/../lib/gcc/avr/4.3.3/../../../../avr/lib/avr5/crtm32.o
 .bss           0x0080020e        0x0 ./MCAL/TIMER/TIMERS_program.o
 .bss           0x0080020e        0x0 ./MCAL/GPIO/GPIO_program.o
 .bss           0x0080020e        0x0 ./MCAL/GIE/GIE_program.o
 .bss           0x0080020e        0x0 ./MCAL/EXTI/EXTI_program.o
 .bss           0x0080020e        0x0 ./HAL/LCD/LCD_program.o
 .bss           0x0080020e        0x0 ./HAL/KEYPAD/KEYPAD_program.o
 .bss           0x0080020e        0x0 ./HAL/ADC/ADC_program.o
 .bss           0x0080020e        0x0 ./App/APP_program.o
 .bss           0x0080020e        0x0 ./main.o
 .bss           0x0080020e        0x0 c:/users/abdallah issa/desktop/avr imt/imt avr/02-tools/03-imt sdk/03- imt sdk/imt_sdk_win_64/winavr/bin/../lib/gcc/avr/4.3.3/avr5\libgcc.a(_udivmodhi4.o)
 .bss           0x0080020e        0x0 c:/users/abdallah issa/desktop/avr imt/imt avr/02-tools/03-imt sdk/03- imt sdk/imt_sdk_win_64/winavr/bin/../lib/gcc/avr/4.3.3/avr5\libgcc.a(_divmodhi4.o)
 .bss           0x0080020e        0x0 c:/users/abdallah issa/desktop/avr imt/imt avr/02-tools/03-imt sdk/03- imt sdk/imt_sdk_win_64/winavr/bin/../lib/gcc/avr/4.3.3/avr5\libgcc.a(_exit.o)
 .bss           0x0080020e        0x0 c:/users/abdallah issa/desktop/avr imt/imt avr/02-tools/03-imt sdk/03- imt sdk/imt_sdk_win_64/winavr/bin/../lib/gcc/avr/4.3.3/avr5\libgcc.a(_copy_data.o)
 .bss           0x0080020e        0x0 c:/users/abdallah issa/desktop/avr imt/imt avr/02-tools/03-imt sdk/03- imt sdk/imt_sdk_win_64/winavr/bin/../lib/gcc/avr/4.3.3/avr5\libgcc.a(_clear_bss.o)
 .bss           0x0080020e        0x0 c:/users/abdallah issa/desktop/avr imt/imt avr/02-tools/03-imt sdk/03- imt sdk/imt_sdk_win_64/winavr/bin/../lib/gcc/avr/4.3.3/avr5\libgcc.a(_fixunssfsi.o)
 .bss           0x0080020e        0x0 c:/users/abdallah issa/desktop/avr imt/imt avr/02-tools/03-imt sdk/03- imt sdk/imt_sdk_win_64/winavr/bin/../lib/gcc/avr/4.3.3/avr5\libgcc.a(_addsub_sf.o)
 .bss           0x0080020e        0x0 c:/users/abdallah issa/desktop/avr imt/imt avr/02-tools/03-imt sdk/03- imt sdk/imt_sdk_win_64/winavr/bin/../lib/gcc/avr/4.3.3/avr5\libgcc.a(_mul_sf.o)
 .bss           0x0080020e        0x0 c:/users/abdallah issa/desktop/avr imt/imt avr/02-tools/03-imt sdk/03- imt sdk/imt_sdk_win_64/winavr/bin/../lib/gcc/avr/4.3.3/avr5\libgcc.a(_ge_sf.o)
 .bss           0x0080020e        0x0 c:/users/abdallah issa/desktop/avr imt/imt avr/02-tools/03-imt sdk/03- imt sdk/imt_sdk_win_64/winavr/bin/../lib/gcc/avr/4.3.3/avr5\libgcc.a(_si_to_sf.o)
 .bss           0x0080020e        0x0 c:/users/abdallah issa/desktop/avr imt/imt avr/02-tools/03-imt sdk/03- imt sdk/imt_sdk_win_64/winavr/bin/../lib/gcc/avr/4.3.3/avr5\libgcc.a(_sf_to_si.o)
 .bss           0x0080020e        0x0 c:/users/abdallah issa/desktop/avr imt/imt avr/02-tools/03-imt sdk/03- imt sdk/imt_sdk_win_64/winavr/bin/../lib/gcc/avr/4.3.3/avr5\libgcc.a(_thenan_sf.o)
 .bss           0x0080020e        0x0 c:/users/abdallah issa/desktop/avr imt/imt avr/02-tools/03-imt sdk/03- imt sdk/imt_sdk_win_64/winavr/bin/../lib/gcc/avr/4.3.3/avr5\libgcc.a(_usi_to_sf.o)
 .bss           0x0080020e        0x0 c:/users/abdallah issa/desktop/avr imt/imt avr/02-tools/03-imt sdk/03- imt sdk/imt_sdk_win_64/winavr/bin/../lib/gcc/avr/4.3.3/avr5\libgcc.a(_prologue.o)
 .bss           0x0080020e        0x0 c:/users/abdallah issa/desktop/avr imt/imt avr/02-tools/03-imt sdk/03- imt sdk/imt_sdk_win_64/winavr/bin/../lib/gcc/avr/4.3.3/avr5\libgcc.a(_epilogue.o)
 .bss           0x0080020e        0x0 c:/users/abdallah issa/desktop/avr imt/imt avr/02-tools/03-imt sdk/03- imt sdk/imt_sdk_win_64/winavr/bin/../lib/gcc/avr/4.3.3/avr5\libgcc.a(_clzsi2.o)
 .bss           0x0080020e        0x0 c:/users/abdallah issa/desktop/avr imt/imt avr/02-tools/03-imt sdk/03- imt sdk/imt_sdk_win_64/winavr/bin/../lib/gcc/avr/4.3.3/avr5\libgcc.a(_pack_sf.o)
 .bss           0x0080020e        0x0 c:/users/abdallah issa/desktop/avr imt/imt avr/02-tools/03-imt sdk/03- imt sdk/imt_sdk_win_64/winavr/bin/../lib/gcc/avr/4.3.3/avr5\libgcc.a(_unpack_sf.o)
 .bss           0x0080020e        0x0 c:/users/abdallah issa/desktop/avr imt/imt avr/02-tools/03-imt sdk/03- imt sdk/imt_sdk_win_64/winavr/bin/../lib/gcc/avr/4.3.3/avr5\libgcc.a(_fpcmp_parts_sf.o)
 .bss           0x0080020e        0x0 c:/users/abdallah issa/desktop/avr imt/imt avr/02-tools/03-imt sdk/03- imt sdk/imt_sdk_win_64/winavr/bin/../lib/gcc/avr/4.3.3/avr5\libgcc.a(_clz.o)
 *(.bss*)
 .bss.G_TIMER0_OVF_CallBack
                0x0080020e        0x2 ./MCAL/TIMER/TIMERS_program.o
 .bss.G_TIMER0_COM_CallBack
                0x00800210        0x2 ./MCAL/TIMER/TIMERS_program.o
 .bss.G_TIMER1_OVF_CallBack
                0x00800212        0x2 ./MCAL/TIMER/TIMERS_program.o
 .bss.G_TIMER1_COMA_CallBack
                0x00800214        0x2 ./MCAL/TIMER/TIMERS_program.o
 .bss.G_TIMER1_COMB_CallBack
                0x00800216        0x2 ./MCAL/TIMER/TIMERS_program.o
 .bss.G_EXTI0_Callback
                0x00800218        0x2 ./MCAL/EXTI/EXTI_program.o
 .bss.G_EXTI1_Callback
                0x0080021a        0x2 ./MCAL/EXTI/EXTI_program.o
 .bss.G_EXTI2_Callback
                0x0080021c        0x2 ./MCAL/EXTI/EXTI_program.o
 .bss.G_ADC_Complete_Callback
                0x0080021e        0x2 ./HAL/ADC/ADC_program.o
 *(COMMON)
                0x00800220                PROVIDE (__bss_end, .)
                0x00001bf0                __data_load_start = LOADADDR (.data)
                0x00001d9e                __data_load_end = (__data_load_start + SIZEOF (.data))

.noinit         0x00800220        0x0
                0x00800220                PROVIDE (__noinit_start, .)
 *(.noinit*)
                0x00800220                PROVIDE (__noinit_end, .)
                0x00800220                _end = .
                0x00800220                PROVIDE (__heap_start, .)

.eeprom         0x00810000        0x0
 *(.eeprom*)
                0x00810000                __eeprom_end = .

.fuse
 *(.fuse)
 *(.lfuse)
 *(.hfuse)
 *(.efuse)

.lock
 *(.lock*)

.signature
 *(.signature*)

.stab
 *(.stab)

.stabstr
 *(.stabstr)

.stab.excl
 *(.stab.excl)

.stab.exclstr
 *(.stab.exclstr)

.stab.index
 *(.stab.index)

.stab.indexstr
 *(.stab.indexstr)

.comment
 *(.comment)

.debug
 *(.debug)

.line
 *(.line)

.debug_srcinfo
 *(.debug_srcinfo)

.debug_sfnames
 *(.debug_sfnames)

.debug_aranges  0x00000000      0x160
 *(.debug_aranges)
 .debug_aranges
                0x00000000       0x20 c:/users/abdallah issa/desktop/avr imt/imt avr/02-tools/03-imt sdk/03- imt sdk/imt_sdk_win_64/winavr/bin/../lib/gcc/avr/4.3.3/avr5\libgcc.a(_fixunssfsi.o)
 .debug_aranges
                0x00000020       0x20 c:/users/abdallah issa/desktop/avr imt/imt avr/02-tools/03-imt sdk/03- imt sdk/imt_sdk_win_64/winavr/bin/../lib/gcc/avr/4.3.3/avr5\libgcc.a(_addsub_sf.o)
 .debug_aranges
                0x00000040       0x20 c:/users/abdallah issa/desktop/avr imt/imt avr/02-tools/03-imt sdk/03- imt sdk/imt_sdk_win_64/winavr/bin/../lib/gcc/avr/4.3.3/avr5\libgcc.a(_mul_sf.o)
 .debug_aranges
                0x00000060       0x20 c:/users/abdallah issa/desktop/avr imt/imt avr/02-tools/03-imt sdk/03- imt sdk/imt_sdk_win_64/winavr/bin/../lib/gcc/avr/4.3.3/avr5\libgcc.a(_ge_sf.o)
 .debug_aranges
                0x00000080       0x20 c:/users/abdallah issa/desktop/avr imt/imt avr/02-tools/03-imt sdk/03- imt sdk/imt_sdk_win_64/winavr/bin/../lib/gcc/avr/4.3.3/avr5\libgcc.a(_si_to_sf.o)
 .debug_aranges
                0x000000a0       0x20 c:/users/abdallah issa/desktop/avr imt/imt avr/02-tools/03-imt sdk/03- imt sdk/imt_sdk_win_64/winavr/bin/../lib/gcc/avr/4.3.3/avr5\libgcc.a(_sf_to_si.o)
 .debug_aranges
                0x000000c0       0x20 c:/users/abdallah issa/desktop/avr imt/imt avr/02-tools/03-imt sdk/03- imt sdk/imt_sdk_win_64/winavr/bin/../lib/gcc/avr/4.3.3/avr5\libgcc.a(_usi_to_sf.o)
 .debug_aranges
                0x000000e0       0x20 c:/users/abdallah issa/desktop/avr imt/imt avr/02-tools/03-imt sdk/03- imt sdk/imt_sdk_win_64/winavr/bin/../lib/gcc/avr/4.3.3/avr5\libgcc.a(_clzsi2.o)
 .debug_aranges
                0x00000100       0x20 c:/users/abdallah issa/desktop/avr imt/imt avr/02-tools/03-imt sdk/03- imt sdk/imt_sdk_win_64/winavr/bin/../lib/gcc/avr/4.3.3/avr5\libgcc.a(_pack_sf.o)
 .debug_aranges
                0x00000120       0x20 c:/users/abdallah issa/desktop/avr imt/imt avr/02-tools/03-imt sdk/03- imt sdk/imt_sdk_win_64/winavr/bin/../lib/gcc/avr/4.3.3/avr5\libgcc.a(_unpack_sf.o)
 .debug_aranges
                0x00000140       0x20 c:/users/abdallah issa/desktop/avr imt/imt avr/02-tools/03-imt sdk/03- imt sdk/imt_sdk_win_64/winavr/bin/../lib/gcc/avr/4.3.3/avr5\libgcc.a(_fpcmp_parts_sf.o)

.debug_pubnames
                0x00000000      0x1b9
 *(.debug_pubnames)
 .debug_pubnames
                0x00000000       0x23 c:/users/abdallah issa/desktop/avr imt/imt avr/02-tools/03-imt sdk/03- imt sdk/imt_sdk_win_64/winavr/bin/../lib/gcc/avr/4.3.3/avr5\libgcc.a(_fixunssfsi.o)
 .debug_pubnames
                0x00000023       0x2c c:/users/abdallah issa/desktop/avr imt/imt avr/02-tools/03-imt sdk/03- imt sdk/imt_sdk_win_64/winavr/bin/../lib/gcc/avr/4.3.3/avr5\libgcc.a(_addsub_sf.o)
 .debug_pubnames
                0x0000004f       0x1f c:/users/abdallah issa/desktop/avr imt/imt avr/02-tools/03-imt sdk/03- imt sdk/imt_sdk_win_64/winavr/bin/../lib/gcc/avr/4.3.3/avr5\libgcc.a(_mul_sf.o)
 .debug_pubnames
                0x0000006e       0x1e c:/users/abdallah issa/desktop/avr imt/imt avr/02-tools/03-imt sdk/03- imt sdk/imt_sdk_win_64/winavr/bin/../lib/gcc/avr/4.3.3/avr5\libgcc.a(_ge_sf.o)
 .debug_pubnames
                0x0000008c       0x22 c:/users/abdallah issa/desktop/avr imt/imt avr/02-tools/03-imt sdk/03- imt sdk/imt_sdk_win_64/winavr/bin/../lib/gcc/avr/4.3.3/avr5\libgcc.a(_si_to_sf.o)
 .debug_pubnames
                0x000000ae       0x20 c:/users/abdallah issa/desktop/avr imt/imt avr/02-tools/03-imt sdk/03- imt sdk/imt_sdk_win_64/winavr/bin/../lib/gcc/avr/4.3.3/avr5\libgcc.a(_sf_to_si.o)
 .debug_pubnames
                0x000000ce       0x22 c:/users/abdallah issa/desktop/avr imt/imt avr/02-tools/03-imt sdk/03- imt sdk/imt_sdk_win_64/winavr/bin/../lib/gcc/avr/4.3.3/avr5\libgcc.a(_thenan_sf.o)
 .debug_pubnames
                0x000000f0       0x24 c:/users/abdallah issa/desktop/avr imt/imt avr/02-tools/03-imt sdk/03- imt sdk/imt_sdk_win_64/winavr/bin/../lib/gcc/avr/4.3.3/avr5\libgcc.a(_usi_to_sf.o)
 .debug_pubnames
                0x00000114       0x1f c:/users/abdallah issa/desktop/avr imt/imt avr/02-tools/03-imt sdk/03- imt sdk/imt_sdk_win_64/winavr/bin/../lib/gcc/avr/4.3.3/avr5\libgcc.a(_clzsi2.o)
 .debug_pubnames
                0x00000133       0x1f c:/users/abdallah issa/desktop/avr imt/imt avr/02-tools/03-imt sdk/03- imt sdk/imt_sdk_win_64/winavr/bin/../lib/gcc/avr/4.3.3/avr5\libgcc.a(_pack_sf.o)
 .debug_pubnames
                0x00000152       0x21 c:/users/abdallah issa/desktop/avr imt/imt avr/02-tools/03-imt sdk/03- imt sdk/imt_sdk_win_64/winavr/bin/../lib/gcc/avr/4.3.3/avr5\libgcc.a(_unpack_sf.o)
 .debug_pubnames
                0x00000173       0x26 c:/users/abdallah issa/desktop/avr imt/imt avr/02-tools/03-imt sdk/03- imt sdk/imt_sdk_win_64/winavr/bin/../lib/gcc/avr/4.3.3/avr5\libgcc.a(_fpcmp_parts_sf.o)
 .debug_pubnames
                0x00000199       0x20 c:/users/abdallah issa/desktop/avr imt/imt avr/02-tools/03-imt sdk/03- imt sdk/imt_sdk_win_64/winavr/bin/../lib/gcc/avr/4.3.3/avr5\libgcc.a(_clz.o)

.debug_info     0x00000000     0x1d18
 *(.debug_info)
 .debug_info    0x00000000       0xb1 c:/users/abdallah issa/desktop/avr imt/imt avr/02-tools/03-imt sdk/03- imt sdk/imt_sdk_win_64/winavr/bin/../lib/gcc/avr/4.3.3/avr5\libgcc.a(_fixunssfsi.o)
 .debug_info    0x000000b1      0x47a c:/users/abdallah issa/desktop/avr imt/imt avr/02-tools/03-imt sdk/03- imt sdk/imt_sdk_win_64/winavr/bin/../lib/gcc/avr/4.3.3/avr5\libgcc.a(_addsub_sf.o)
 .debug_info    0x0000052b      0x485 c:/users/abdallah issa/desktop/avr imt/imt avr/02-tools/03-imt sdk/03- imt sdk/imt_sdk_win_64/winavr/bin/../lib/gcc/avr/4.3.3/avr5\libgcc.a(_mul_sf.o)
 .debug_info    0x000009b0      0x27f c:/users/abdallah issa/desktop/avr imt/imt avr/02-tools/03-imt sdk/03- imt sdk/imt_sdk_win_64/winavr/bin/../lib/gcc/avr/4.3.3/avr5\libgcc.a(_ge_sf.o)
 .debug_info    0x00000c2f      0x207 c:/users/abdallah issa/desktop/avr imt/imt avr/02-tools/03-imt sdk/03- imt sdk/imt_sdk_win_64/winavr/bin/../lib/gcc/avr/4.3.3/avr5\libgcc.a(_si_to_sf.o)
 .debug_info    0x00000e36      0x2b0 c:/users/abdallah issa/desktop/avr imt/imt avr/02-tools/03-imt sdk/03- imt sdk/imt_sdk_win_64/winavr/bin/../lib/gcc/avr/4.3.3/avr5\libgcc.a(_sf_to_si.o)
 .debug_info    0x000010e6      0x12c c:/users/abdallah issa/desktop/avr imt/imt avr/02-tools/03-imt sdk/03- imt sdk/imt_sdk_win_64/winavr/bin/../lib/gcc/avr/4.3.3/avr5\libgcc.a(_thenan_sf.o)
 .debug_info    0x00001212      0x206 c:/users/abdallah issa/desktop/avr imt/imt avr/02-tools/03-imt sdk/03- imt sdk/imt_sdk_win_64/winavr/bin/../lib/gcc/avr/4.3.3/avr5\libgcc.a(_usi_to_sf.o)
 .debug_info    0x00001418      0x117 c:/users/abdallah issa/desktop/avr imt/imt avr/02-tools/03-imt sdk/03- imt sdk/imt_sdk_win_64/winavr/bin/../lib/gcc/avr/4.3.3/avr5\libgcc.a(_clzsi2.o)
 .debug_info    0x0000152f      0x2df c:/users/abdallah issa/desktop/avr imt/imt avr/02-tools/03-imt sdk/03- imt sdk/imt_sdk_win_64/winavr/bin/../lib/gcc/avr/4.3.3/avr5\libgcc.a(_pack_sf.o)
 .debug_info    0x0000180e      0x251 c:/users/abdallah issa/desktop/avr imt/imt avr/02-tools/03-imt sdk/03- imt sdk/imt_sdk_win_64/winavr/bin/../lib/gcc/avr/4.3.3/avr5\libgcc.a(_unpack_sf.o)
 .debug_info    0x00001a5f      0x210 c:/users/abdallah issa/desktop/avr imt/imt avr/02-tools/03-imt sdk/03- imt sdk/imt_sdk_win_64/winavr/bin/../lib/gcc/avr/4.3.3/avr5\libgcc.a(_fpcmp_parts_sf.o)
 .debug_info    0x00001c6f       0xa9 c:/users/abdallah issa/desktop/avr imt/imt avr/02-tools/03-imt sdk/03- imt sdk/imt_sdk_win_64/winavr/bin/../lib/gcc/avr/4.3.3/avr5\libgcc.a(_clz.o)
 *(.gnu.linkonce.wi.*)

.debug_abbrev   0x00000000     0x1004
 *(.debug_abbrev)
 .debug_abbrev  0x00000000       0x5d c:/users/abdallah issa/desktop/avr imt/imt avr/02-tools/03-imt sdk/03- imt sdk/imt_sdk_win_64/winavr/bin/../lib/gcc/avr/4.3.3/avr5\libgcc.a(_fixunssfsi.o)
 .debug_abbrev  0x0000005d      0x1ea c:/users/abdallah issa/desktop/avr imt/imt avr/02-tools/03-imt sdk/03- imt sdk/imt_sdk_win_64/winavr/bin/../lib/gcc/avr/4.3.3/avr5\libgcc.a(_addsub_sf.o)
 .debug_abbrev  0x00000247      0x21b c:/users/abdallah issa/desktop/avr imt/imt avr/02-tools/03-imt sdk/03- imt sdk/imt_sdk_win_64/winavr/bin/../lib/gcc/avr/4.3.3/avr5\libgcc.a(_mul_sf.o)
 .debug_abbrev  0x00000462      0x15a c:/users/abdallah issa/desktop/avr imt/imt avr/02-tools/03-imt sdk/03- imt sdk/imt_sdk_win_64/winavr/bin/../lib/gcc/avr/4.3.3/avr5\libgcc.a(_ge_sf.o)
 .debug_abbrev  0x000005bc      0x148 c:/users/abdallah issa/desktop/avr imt/imt avr/02-tools/03-imt sdk/03- imt sdk/imt_sdk_win_64/winavr/bin/../lib/gcc/avr/4.3.3/avr5\libgcc.a(_si_to_sf.o)
 .debug_abbrev  0x00000704      0x17f c:/users/abdallah issa/desktop/avr imt/imt avr/02-tools/03-imt sdk/03- imt sdk/imt_sdk_win_64/winavr/bin/../lib/gcc/avr/4.3.3/avr5\libgcc.a(_sf_to_si.o)
 .debug_abbrev  0x00000883       0xad c:/users/abdallah issa/desktop/avr imt/imt avr/02-tools/03-imt sdk/03- imt sdk/imt_sdk_win_64/winavr/bin/../lib/gcc/avr/4.3.3/avr5\libgcc.a(_thenan_sf.o)
 .debug_abbrev  0x00000930      0x157 c:/users/abdallah issa/desktop/avr imt/imt avr/02-tools/03-imt sdk/03- imt sdk/imt_sdk_win_64/winavr/bin/../lib/gcc/avr/4.3.3/avr5\libgcc.a(_usi_to_sf.o)
 .debug_abbrev  0x00000a87       0xc4 c:/users/abdallah issa/desktop/avr imt/imt avr/02-tools/03-imt sdk/03- imt sdk/imt_sdk_win_64/winavr/bin/../lib/gcc/avr/4.3.3/avr5\libgcc.a(_clzsi2.o)
 .debug_abbrev  0x00000b4b      0x1c0 c:/users/abdallah issa/desktop/avr imt/imt avr/02-tools/03-imt sdk/03- imt sdk/imt_sdk_win_64/winavr/bin/../lib/gcc/avr/4.3.3/avr5\libgcc.a(_pack_sf.o)
 .debug_abbrev  0x00000d0b      0x154 c:/users/abdallah issa/desktop/avr imt/imt avr/02-tools/03-imt sdk/03- imt sdk/imt_sdk_win_64/winavr/bin/../lib/gcc/avr/4.3.3/avr5\libgcc.a(_unpack_sf.o)
 .debug_abbrev  0x00000e5f      0x13b c:/users/abdallah issa/desktop/avr imt/imt avr/02-tools/03-imt sdk/03- imt sdk/imt_sdk_win_64/winavr/bin/../lib/gcc/avr/4.3.3/avr5\libgcc.a(_fpcmp_parts_sf.o)
 .debug_abbrev  0x00000f9a       0x6a c:/users/abdallah issa/desktop/avr imt/imt avr/02-tools/03-imt sdk/03- imt sdk/imt_sdk_win_64/winavr/bin/../lib/gcc/avr/4.3.3/avr5\libgcc.a(_clz.o)

.debug_line     0x00000000      0xf90
 *(.debug_line)
 .debug_line    0x00000000       0xa7 c:/users/abdallah issa/desktop/avr imt/imt avr/02-tools/03-imt sdk/03- imt sdk/imt_sdk_win_64/winavr/bin/../lib/gcc/avr/4.3.3/avr5\libgcc.a(_fixunssfsi.o)
 .debug_line    0x000000a7      0x2af c:/users/abdallah issa/desktop/avr imt/imt avr/02-tools/03-imt sdk/03- imt sdk/imt_sdk_win_64/winavr/bin/../lib/gcc/avr/4.3.3/avr5\libgcc.a(_addsub_sf.o)
 .debug_line    0x00000356      0x239 c:/users/abdallah issa/desktop/avr imt/imt avr/02-tools/03-imt sdk/03- imt sdk/imt_sdk_win_64/winavr/bin/../lib/gcc/avr/4.3.3/avr5\libgcc.a(_mul_sf.o)
 .debug_line    0x0000058f       0xd3 c:/users/abdallah issa/desktop/avr imt/imt avr/02-tools/03-imt sdk/03- imt sdk/imt_sdk_win_64/winavr/bin/../lib/gcc/avr/4.3.3/avr5\libgcc.a(_ge_sf.o)
 .debug_line    0x00000662      0x135 c:/users/abdallah issa/desktop/avr imt/imt avr/02-tools/03-imt sdk/03- imt sdk/imt_sdk_win_64/winavr/bin/../lib/gcc/avr/4.3.3/avr5\libgcc.a(_si_to_sf.o)
 .debug_line    0x00000797      0x109 c:/users/abdallah issa/desktop/avr imt/imt avr/02-tools/03-imt sdk/03- imt sdk/imt_sdk_win_64/winavr/bin/../lib/gcc/avr/4.3.3/avr5\libgcc.a(_sf_to_si.o)
 .debug_line    0x000008a0       0x90 c:/users/abdallah issa/desktop/avr imt/imt avr/02-tools/03-imt sdk/03- imt sdk/imt_sdk_win_64/winavr/bin/../lib/gcc/avr/4.3.3/avr5\libgcc.a(_thenan_sf.o)
 .debug_line    0x00000930      0x133 c:/users/abdallah issa/desktop/avr imt/imt avr/02-tools/03-imt sdk/03- imt sdk/imt_sdk_win_64/winavr/bin/../lib/gcc/avr/4.3.3/avr5\libgcc.a(_usi_to_sf.o)
 .debug_line    0x00000a63       0xa5 c:/users/abdallah issa/desktop/avr imt/imt avr/02-tools/03-imt sdk/03- imt sdk/imt_sdk_win_64/winavr/bin/../lib/gcc/avr/4.3.3/avr5\libgcc.a(_clzsi2.o)
 .debug_line    0x00000b08      0x18a c:/users/abdallah issa/desktop/avr imt/imt avr/02-tools/03-imt sdk/03- imt sdk/imt_sdk_win_64/winavr/bin/../lib/gcc/avr/4.3.3/avr5\libgcc.a(_pack_sf.o)
 .debug_line    0x00000c92      0x14b c:/users/abdallah issa/desktop/avr imt/imt avr/02-tools/03-imt sdk/03- imt sdk/imt_sdk_win_64/winavr/bin/../lib/gcc/avr/4.3.3/avr5\libgcc.a(_unpack_sf.o)
 .debug_line    0x00000ddd      0x137 c:/users/abdallah issa/desktop/avr imt/imt avr/02-tools/03-imt sdk/03- imt sdk/imt_sdk_win_64/winavr/bin/../lib/gcc/avr/4.3.3/avr5\libgcc.a(_fpcmp_parts_sf.o)
 .debug_line    0x00000f14       0x7c c:/users/abdallah issa/desktop/avr imt/imt avr/02-tools/03-imt sdk/03- imt sdk/imt_sdk_win_64/winavr/bin/../lib/gcc/avr/4.3.3/avr5\libgcc.a(_clz.o)

.debug_frame    0x00000000      0x180
 *(.debug_frame)
 .debug_frame   0x00000000       0x20 c:/users/abdallah issa/desktop/avr imt/imt avr/02-tools/03-imt sdk/03- imt sdk/imt_sdk_win_64/winavr/bin/../lib/gcc/avr/4.3.3/avr5\libgcc.a(_fixunssfsi.o)
 .debug_frame   0x00000020       0x40 c:/users/abdallah issa/desktop/avr imt/imt avr/02-tools/03-imt sdk/03- imt sdk/imt_sdk_win_64/winavr/bin/../lib/gcc/avr/4.3.3/avr5\libgcc.a(_addsub_sf.o)
 .debug_frame   0x00000060       0x20 c:/users/abdallah issa/desktop/avr imt/imt avr/02-tools/03-imt sdk/03- imt sdk/imt_sdk_win_64/winavr/bin/../lib/gcc/avr/4.3.3/avr5\libgcc.a(_mul_sf.o)
 .debug_frame   0x00000080       0x20 c:/users/abdallah issa/desktop/avr imt/imt avr/02-tools/03-imt sdk/03- imt sdk/imt_sdk_win_64/winavr/bin/../lib/gcc/avr/4.3.3/avr5\libgcc.a(_ge_sf.o)
 .debug_frame   0x000000a0       0x20 c:/users/abdallah issa/desktop/avr imt/imt avr/02-tools/03-imt sdk/03- imt sdk/imt_sdk_win_64/winavr/bin/../lib/gcc/avr/4.3.3/avr5\libgcc.a(_si_to_sf.o)
 .debug_frame   0x000000c0       0x20 c:/users/abdallah issa/desktop/avr imt/imt avr/02-tools/03-imt sdk/03- imt sdk/imt_sdk_win_64/winavr/bin/../lib/gcc/avr/4.3.3/avr5\libgcc.a(_sf_to_si.o)
 .debug_frame   0x000000e0       0x20 c:/users/abdallah issa/desktop/avr imt/imt avr/02-tools/03-imt sdk/03- imt sdk/imt_sdk_win_64/winavr/bin/../lib/gcc/avr/4.3.3/avr5\libgcc.a(_usi_to_sf.o)
 .debug_frame   0x00000100       0x20 c:/users/abdallah issa/desktop/avr imt/imt avr/02-tools/03-imt sdk/03- imt sdk/imt_sdk_win_64/winavr/bin/../lib/gcc/avr/4.3.3/avr5\libgcc.a(_clzsi2.o)
 .debug_frame   0x00000120       0x20 c:/users/abdallah issa/desktop/avr imt/imt avr/02-tools/03-imt sdk/03- imt sdk/imt_sdk_win_64/winavr/bin/../lib/gcc/avr/4.3.3/avr5\libgcc.a(_pack_sf.o)
 .debug_frame   0x00000140       0x20 c:/users/abdallah issa/desktop/avr imt/imt avr/02-tools/03-imt sdk/03- imt sdk/imt_sdk_win_64/winavr/bin/../lib/gcc/avr/4.3.3/avr5\libgcc.a(_unpack_sf.o)
 .debug_frame   0x00000160       0x20 c:/users/abdallah issa/desktop/avr imt/imt avr/02-tools/03-imt sdk/03- imt sdk/imt_sdk_win_64/winavr/bin/../lib/gcc/avr/4.3.3/avr5\libgcc.a(_fpcmp_parts_sf.o)

.debug_str      0x00000000      0x2c2
 *(.debug_str)
 .debug_str     0x00000000       0xbf c:/users/abdallah issa/desktop/avr imt/imt avr/02-tools/03-imt sdk/03- imt sdk/imt_sdk_win_64/winavr/bin/../lib/gcc/avr/4.3.3/avr5\libgcc.a(_fixunssfsi.o)
                                 0xfe (size before relaxing)
 .debug_str     0x000000bf      0x14d c:/users/abdallah issa/desktop/avr imt/imt avr/02-tools/03-imt sdk/03- imt sdk/imt_sdk_win_64/winavr/bin/../lib/gcc/avr/4.3.3/avr5\libgcc.a(_addsub_sf.o)
                                0x206 (size before relaxing)
 .debug_str     0x0000020c       0x27 c:/users/abdallah issa/desktop/avr imt/imt avr/02-tools/03-imt sdk/03- imt sdk/imt_sdk_win_64/winavr/bin/../lib/gcc/avr/4.3.3/avr5\libgcc.a(_mul_sf.o)
                                0x1bf (size before relaxing)
 .debug_str     0x00000233        0x8 c:/users/abdallah issa/desktop/avr imt/imt avr/02-tools/03-imt sdk/03- imt sdk/imt_sdk_win_64/winavr/bin/../lib/gcc/avr/4.3.3/avr5\libgcc.a(_ge_sf.o)
                                0x195 (size before relaxing)
 .debug_str     0x0000023b       0x1e c:/users/abdallah issa/desktop/avr imt/imt avr/02-tools/03-imt sdk/03- imt sdk/imt_sdk_win_64/winavr/bin/../lib/gcc/avr/4.3.3/avr5\libgcc.a(_si_to_sf.o)
                                0x17b (size before relaxing)
 .debug_str     0x00000259        0xa c:/users/abdallah issa/desktop/avr imt/imt avr/02-tools/03-imt sdk/03- imt sdk/imt_sdk_win_64/winavr/bin/../lib/gcc/avr/4.3.3/avr5\libgcc.a(_sf_to_si.o)
                                0x19e (size before relaxing)
 .debug_str     0x00000000      0x103 c:/users/abdallah issa/desktop/avr imt/imt avr/02-tools/03-imt sdk/03- imt sdk/imt_sdk_win_64/winavr/bin/../lib/gcc/avr/4.3.3/avr5\libgcc.a(_thenan_sf.o)
 .debug_str     0x00000263       0x14 c:/users/abdallah issa/desktop/avr imt/imt avr/02-tools/03-imt sdk/03- imt sdk/imt_sdk_win_64/winavr/bin/../lib/gcc/avr/4.3.3/avr5\libgcc.a(_usi_to_sf.o)
                                0x177 (size before relaxing)
 .debug_str     0x00000277       0x20 c:/users/abdallah issa/desktop/avr imt/imt avr/02-tools/03-imt sdk/03- imt sdk/imt_sdk_win_64/winavr/bin/../lib/gcc/avr/4.3.3/avr5\libgcc.a(_clzsi2.o)
                                0x111 (size before relaxing)
 .debug_str     0x00000297       0x10 c:/users/abdallah issa/desktop/avr imt/imt avr/02-tools/03-imt sdk/03- imt sdk/imt_sdk_win_64/winavr/bin/../lib/gcc/avr/4.3.3/avr5\libgcc.a(_pack_sf.o)
                                0x19d (size before relaxing)
 .debug_str     0x000002a7        0xb c:/users/abdallah issa/desktop/avr imt/imt avr/02-tools/03-imt sdk/03- imt sdk/imt_sdk_win_64/winavr/bin/../lib/gcc/avr/4.3.3/avr5\libgcc.a(_unpack_sf.o)
                                0x17f (size before relaxing)
 .debug_str     0x000002b2       0x10 c:/users/abdallah issa/desktop/avr imt/imt avr/02-tools/03-imt sdk/03- imt sdk/imt_sdk_win_64/winavr/bin/../lib/gcc/avr/4.3.3/avr5\libgcc.a(_fpcmp_parts_sf.o)
                                0x163 (size before relaxing)
 .debug_str     0x00000000       0xf4 c:/users/abdallah issa/desktop/avr imt/imt avr/02-tools/03-imt sdk/03- imt sdk/imt_sdk_win_64/winavr/bin/../lib/gcc/avr/4.3.3/avr5\libgcc.a(_clz.o)

.debug_loc      0x00000000      0x8e2
 *(.debug_loc)
 .debug_loc     0x00000000       0x34 c:/users/abdallah issa/desktop/avr imt/imt avr/02-tools/03-imt sdk/03- imt sdk/imt_sdk_win_64/winavr/bin/../lib/gcc/avr/4.3.3/avr5\libgcc.a(_fixunssfsi.o)
 .debug_loc     0x00000034      0x32a c:/users/abdallah issa/desktop/avr imt/imt avr/02-tools/03-imt sdk/03- imt sdk/imt_sdk_win_64/winavr/bin/../lib/gcc/avr/4.3.3/avr5\libgcc.a(_addsub_sf.o)
 .debug_loc     0x0000035e      0x104 c:/users/abdallah issa/desktop/avr imt/imt avr/02-tools/03-imt sdk/03- imt sdk/imt_sdk_win_64/winavr/bin/../lib/gcc/avr/4.3.3/avr5\libgcc.a(_mul_sf.o)
 .debug_loc     0x00000462       0x3c c:/users/abdallah issa/desktop/avr imt/imt avr/02-tools/03-imt sdk/03- imt sdk/imt_sdk_win_64/winavr/bin/../lib/gcc/avr/4.3.3/avr5\libgcc.a(_ge_sf.o)
 .debug_loc     0x0000049e       0xac c:/users/abdallah issa/desktop/avr imt/imt avr/02-tools/03-imt sdk/03- imt sdk/imt_sdk_win_64/winavr/bin/../lib/gcc/avr/4.3.3/avr5\libgcc.a(_si_to_sf.o)
 .debug_loc     0x0000054a       0x7e c:/users/abdallah issa/desktop/avr imt/imt avr/02-tools/03-imt sdk/03- imt sdk/imt_sdk_win_64/winavr/bin/../lib/gcc/avr/4.3.3/avr5\libgcc.a(_sf_to_si.o)
 .debug_loc     0x000005c8       0x4c c:/users/abdallah issa/desktop/avr imt/imt avr/02-tools/03-imt sdk/03- imt sdk/imt_sdk_win_64/winavr/bin/../lib/gcc/avr/4.3.3/avr5\libgcc.a(_usi_to_sf.o)
 .debug_loc     0x00000614       0x94 c:/users/abdallah issa/desktop/avr imt/imt avr/02-tools/03-imt sdk/03- imt sdk/imt_sdk_win_64/winavr/bin/../lib/gcc/avr/4.3.3/avr5\libgcc.a(_clzsi2.o)
 .debug_loc     0x000006a8      0x13e c:/users/abdallah issa/desktop/avr imt/imt avr/02-tools/03-imt sdk/03- imt sdk/imt_sdk_win_64/winavr/bin/../lib/gcc/avr/4.3.3/avr5\libgcc.a(_pack_sf.o)
 .debug_loc     0x000007e6       0xac c:/users/abdallah issa/desktop/avr imt/imt avr/02-tools/03-imt sdk/03- imt sdk/imt_sdk_win_64/winavr/bin/../lib/gcc/avr/4.3.3/avr5\libgcc.a(_unpack_sf.o)
 .debug_loc     0x00000892       0x50 c:/users/abdallah issa/desktop/avr imt/imt avr/02-tools/03-imt sdk/03- imt sdk/imt_sdk_win_64/winavr/bin/../lib/gcc/avr/4.3.3/avr5\libgcc.a(_fpcmp_parts_sf.o)

.debug_macinfo
 *(.debug_macinfo)
OUTPUT(ITI_AVR_PROJECT.elf elf32-avr)
LOAD linker stubs

.debug_ranges   0x00000000       0x50
 .debug_ranges  0x00000000       0x50 c:/users/abdallah issa/desktop/avr imt/imt avr/02-tools/03-imt sdk/03- imt sdk/imt_sdk_win_64/winavr/bin/../lib/gcc/avr/4.3.3/avr5\libgcc.a(_mul_sf.o)
